$ git add 
-/ruthin/akhi/ARHEL (6) 
SPIRMASUEVIVOBOOK MINQX64/ruthin/akhi/AKHEL (s) 
$ git commit - "address" 
On branch s nothing to commit, working tree clean 
chirurASUS VIVOBOOK MINUM64-/ruthin/akhi1/AKHIL (1) $ git push origin "s" 
Everything up-to-date 
arirallASUSVIVOBDOL MINGK64-fruthin/akhit/AKHEL (4) 5 pull request https://github.com/sreeruthin/AKHIL/pull/1 bash: pull: command not found 
artruASUS VIVOBOOK MINGW64-/ruthin/akhi T/AKHIL (1) 5 pull request https://github.com/sreeruthin/AKHIL/pull/s 
bash: pull: command not found 
sri mudASUSVIVOBOOK COK MINGW64/ruthin/akhiT/AKHIL (5) $ pull request https://github.com/sreeruthin/AKHIL/puTis bash: pull: command not found 
SFTRUMASUSVIVOBOOK MINGW64-/ruthin/akhi/AKHIL (3) 5 Pull Request https://github.com/sreeruthin/AKHIL/pulls bash: Pull: command not found. 
MASUSVIVOBOOK MASU MINGW64/ruthin/akhiT/AKHEL (5) $[[200- PuTT Request https://github.com/sreeruthin/AKHIL/pulls 
bash: 1\e[200-: command not found 
ArifulASUSVIVOBOOK MIFGW64/ruthin/akhi/AKHEL (1) 
5 bash: Pull: command not found 
bash: bash: command not found 
64/ruthin/akhiT/AKHIL (5) 
$ https://github.com/sreeruthin/AKHIL/pulls bash: https://github.com/sreeruthin/AKHIL/pulls: No such file or directory 
SrirudASUSVIVOBOOK MINGW64/ruchin/akhiT/AKHIL (4) 
5 git push origin s Everything up-to-date 
sr1 rutASUSVIVOSCOK MINGW64/ruthin/akh11/AKHIL (5) 
$ git pull origin main 
From https://github.com/sreeruthin/AKHIL branch nain ->FETCH HEAD 
Already up to date. 
AYASUSVIVOBOOK MINGW64/ruthin/akhil/AKHIL (5) $ https://github.com/sreeruthin/AKHIL/pulls bash: https://github.com/sreeruthin/AKHTL/pulls: No such file or directory 
ariruBASUSVTV6500K MIHGW64-/ruthin/akhil/AKHIL (3) 
